lcd.c:25:10:LCD_RD_DATA	8	static
lcd.c:15:6:LCD_WR_REG	0	static
lcd.c:33:6:lcd_AddressSet	12	static
lcd.c:49:6:lcd_SetCursor	0	static
lcd.c:59:6:lcd_DisplayOn	0	static
lcd.c:64:6:lcd_DisplayOff	0	static
lcd.c:69:10:lcd_ReadPoint	8	static
lcd.c:87:6:lcd_Clear	16	static
lcd.c:109:6:lcd_Fill	24	static
lcd.c:129:6:lcd_DrawPoint	8	static
lcd.c:423:13:_draw_circle_8	40	static
lcd.c:144:6:lcd_DrawLine	56	static
lcd.c:180:6:lcd_DrawRectangle	32	static
lcd.c:188:6:lcd_ShowChar	72	static
lcd.c:232:10:mypow	0	static
lcd.c:239:6:lcd_ShowIntNum	72	static
lcd.c:261:6:lcd_ShowFloatNum	72	static
lcd.c:280:6:lcd_ShowPicture	24	static
lcd.c:299:6:lcd_SetDir	0	static
lcd.c:313:6:lcd_init	24	static
lcd.c:442:6:lcd_DrawCircle	40	static
lcd.c:478:6:lcd_ShowStr	64	static
lcd.c:506:6:lcd_StrCenter	48	static
