Archive member included to satisfy reference by file (symbol)

c:/st/stm32cubeide_1.7.0/stm32cubeide/plugins/com.st.stm32cube.ide.mcu.externaltools.gnu-tools-for-stm32.9-2020-q2-update.win32_2.0.0.202105311346/tools/bin/../lib/gcc/arm-none-eabi/9.3.1/../../../../arm-none-eabi/lib/thumb/v7e-m+fp/hard\libc_nano.a(lib_a-errno.o)
                              ./Core/Src/syscalls.o (__errno)
c:/st/stm32cubeide_1.7.0/stm32cubeide/plugins/com.st.stm32cube.ide.mcu.externaltools.gnu-tools-for-stm32.9-2020-q2-update.win32_2.0.0.202105311346/tools/bin/../lib/gcc/arm-none-eabi/9.3.1/../../../../arm-none-eabi/lib/thumb/v7e-m+fp/hard\libc_nano.a(lib_a-exit.o)
                              c:/st/stm32cubeide_1.7.0/stm32cubeide/plugins/com.st.stm32cube.ide.mcu.externaltools.gnu-tools-for-stm32.9-2020-q2-update.win32_2.0.0.202105311346/tools/bin/../lib/gcc/arm-none-eabi/9.3.1/../../../../arm-none-eabi/lib/thumb/v7e-m+fp/hard/crt0.o (exit)
c:/st/stm32cubeide_1.7.0/stm32cubeide/plugins/com.st.stm32cube.ide.mcu.externaltools.gnu-tools-for-stm32.9-2020-q2-update.win32_2.0.0.202105311346/tools/bin/../lib/gcc/arm-none-eabi/9.3.1/../../../../arm-none-eabi/lib/thumb/v7e-m+fp/hard\libc_nano.a(lib_a-impure.o)
                              c:/st/stm32cubeide_1.7.0/stm32cubeide/plugins/com.st.stm32cube.ide.mcu.externaltools.gnu-tools-for-stm32.9-2020-q2-update.win32_2.0.0.202105311346/tools/bin/../lib/gcc/arm-none-eabi/9.3.1/../../../../arm-none-eabi/lib/thumb/v7e-m+fp/hard\libc_nano.a(lib_a-exit.o) (_global_impure_ptr)
c:/st/stm32cubeide_1.7.0/stm32cubeide/plugins/com.st.stm32cube.ide.mcu.externaltools.gnu-tools-for-stm32.9-2020-q2-update.win32_2.0.0.202105311346/tools/bin/../lib/gcc/arm-none-eabi/9.3.1/../../../../arm-none-eabi/lib/thumb/v7e-m+fp/hard\libc_nano.a(lib_a-init.o)
                              c:/st/stm32cubeide_1.7.0/stm32cubeide/plugins/com.st.stm32cube.ide.mcu.externaltools.gnu-tools-for-stm32.9-2020-q2-update.win32_2.0.0.202105311346/tools/bin/../lib/gcc/arm-none-eabi/9.3.1/../../../../arm-none-eabi/lib/thumb/v7e-m+fp/hard/crt0.o (__libc_init_array)
c:/st/stm32cubeide_1.7.0/stm32cubeide/plugins/com.st.stm32cube.ide.mcu.externaltools.gnu-tools-for-stm32.9-2020-q2-update.win32_2.0.0.202105311346/tools/bin/../lib/gcc/arm-none-eabi/9.3.1/../../../../arm-none-eabi/lib/thumb/v7e-m+fp/hard\libc_nano.a(lib_a-memset.o)
                              c:/st/stm32cubeide_1.7.0/stm32cubeide/plugins/com.st.stm32cube.ide.mcu.externaltools.gnu-tools-for-stm32.9-2020-q2-update.win32_2.0.0.202105311346/tools/bin/../lib/gcc/arm-none-eabi/9.3.1/../../../../arm-none-eabi/lib/thumb/v7e-m+fp/hard/crt0.o (memset)
c:/st/stm32cubeide_1.7.0/stm32cubeide/plugins/com.st.stm32cube.ide.mcu.externaltools.gnu-tools-for-stm32.9-2020-q2-update.win32_2.0.0.202105311346/tools/bin/../lib/gcc/arm-none-eabi/9.3.1/../../../../arm-none-eabi/lib/thumb/v7e-m+fp/hard\libc_nano.a(lib_a-strlen.o)
                              ./Core/Src/lcd.o (strlen)
c:/st/stm32cubeide_1.7.0/stm32cubeide/plugins/com.st.stm32cube.ide.mcu.externaltools.gnu-tools-for-stm32.9-2020-q2-update.win32_2.0.0.202105311346/tools/bin/../lib/gcc/arm-none-eabi/9.3.1/thumb/v7e-m+fp/hard\libgcc.a(_aeabi_uldivmod.o)
                              ./Drivers/STM32F4xx_HAL_Driver/Src/stm32f4xx_hal_rcc.o (__aeabi_uldivmod)
c:/st/stm32cubeide_1.7.0/stm32cubeide/plugins/com.st.stm32cube.ide.mcu.externaltools.gnu-tools-for-stm32.9-2020-q2-update.win32_2.0.0.202105311346/tools/bin/../lib/gcc/arm-none-eabi/9.3.1/thumb/v7e-m+fp/hard\libgcc.a(_udivmoddi4.o)
                              c:/st/stm32cubeide_1.7.0/stm32cubeide/plugins/com.st.stm32cube.ide.mcu.externaltools.gnu-tools-for-stm32.9-2020-q2-update.win32_2.0.0.202105311346/tools/bin/../lib/gcc/arm-none-eabi/9.3.1/thumb/v7e-m+fp/hard\libgcc.a(_aeabi_uldivmod.o) (__udivmoddi4)
c:/st/stm32cubeide_1.7.0/stm32cubeide/plugins/com.st.stm32cube.ide.mcu.externaltools.gnu-tools-for-stm32.9-2020-q2-update.win32_2.0.0.202105311346/tools/bin/../lib/gcc/arm-none-eabi/9.3.1/thumb/v7e-m+fp/hard\libgcc.a(_dvmd_tls.o)
                              c:/st/stm32cubeide_1.7.0/stm32cubeide/plugins/com.st.stm32cube.ide.mcu.externaltools.gnu-tools-for-stm32.9-2020-q2-update.win32_2.0.0.202105311346/tools/bin/../lib/gcc/arm-none-eabi/9.3.1/thumb/v7e-m+fp/hard\libgcc.a(_aeabi_uldivmod.o) (__aeabi_ldiv0)

Allocating common symbols
Common symbol       size              file

uwTick              0x4               ./Drivers/STM32F4xx_HAL_Driver/Src/stm32f4xx_hal.o
pFlash              0x20              ./Drivers/STM32F4xx_HAL_Driver/Src/stm32f4xx_hal_flash.o
hsram1              0x50              ./Core/Src/fsmc.o
button_count        0x20              ./Core/Src/button.o
temp_yellow         0x4               ./Core/Src/main.o
showTime            0x4               ./Core/Src/main.o
temp_red            0x4               ./Core/Src/main.o
lcddev              0x6               ./Core/Src/lcd.o
temp_green          0x4               ./Core/Src/main.o
[...]
Memory Configuration

Name             Origin             Length             Attributes
CCMRAM           0x0000000010000000 0x0000000000010000 xrw
RAM              0x0000000020000000 0x0000000000020000 xrw
FLASH            0x0000000008000000 0x0000000000100000 xr
*default*        0x0000000000000000 0xffffffffffffffff

Linker script and memory map

LOAD c:/st/stm32cubeide_1.7.0/stm32cubeide/plugins/com.st.stm32cube.ide.mcu.externaltools.gnu-tools-for-stm32.9-2020-q2-update.win32_2.0.0.202105311346/tools/bin/../lib/gcc/arm-none-eabi/9.3.1/thumb/v7e-m+fp/hard/crti.o
LOAD c:/st/stm32cubeide_1.7.0/stm32cubeide/plugins/com.st.stm32cube.ide.mcu.externaltools.gnu-tools-for-stm32.9-2020-q2-update.win32_2.0.0.202105311346/tools/bin/../lib/gcc/arm-none-eabi/9.3.1/thumb/v7e-m+fp/hard/crtbegin.o
LOAD c:/st/stm32cubeide_1.7.0/stm32cubeide/plugins/com.st.stm32cube.ide.mcu.externaltools.gnu-tools-for-stm32.9-2020-q2-update.win32_2.0.0.202105311346/tools/bin/../lib/gcc/arm-none-eabi/9.3.1/../../../../arm-none-eabi/lib/thumb/v7e-m+fp/hard/crt0.o
LOAD ./Core/Src/button.o
LOAD ./Core/Src/fsmc.o
LOAD ./Core/Src/gpio.o
LOAD ./Core/Src/lcd.o
LOAD ./Core/Src/led_7seg.o
LOAD ./Core/Src/main.o
LOAD ./Core/Src/picture.o
LOAD ./Core/Src/software_timer.o
LOAD ./Core/Src/spi.o
LOAD ./Core/Src/stm32f4xx_hal_msp.o
LOAD ./Core/Src/stm32f4xx_it.o
LOAD ./Core/Src/syscalls.o
LOAD ./Core/Src/sysmem.o
LOAD ./Core/Src/system_stm32f4xx.o
LOAD ./Core/Src/tim.o
LOAD ./Core/Startup/startup_stm32f407zetx.o
LOAD ./Drivers/STM32F4xx_HAL_Driver/Src/stm32f4xx_hal.o
LOAD ./Drivers/STM32F4xx_HAL_Driver/Src/stm32f4xx_hal_cortex.o
LOAD ./Drivers/STM32F4xx_HAL_Driver/Src/stm32f4xx_hal_dma.o
LOAD ./Drivers/STM32F4xx_HAL_Driver/Src/stm32f4xx_hal_dma_ex.o
LOAD ./Drivers/STM32F4xx_HAL_Driver/Src/stm32f4xx_hal_exti.o
LOAD ./Drivers/STM32F4xx_HAL_Driver/Src/stm32f4xx_hal_flash.o
LOAD ./Drivers/STM32F4xx_HAL_Driver/Src/stm32f4xx_hal_flash_ex.o
LOAD ./Drivers/STM32F4xx_HAL_Driver/Src/stm32f4xx_hal_flash_ramfunc.o
LOAD ./Drivers/STM32F4xx_HAL_Driver/Src/stm32f4xx_hal_gpio.o
LOAD ./Drivers/STM32F4xx_HAL_Driver/Src/stm32f4xx_hal_pwr.o
LOAD ./Drivers/STM32F4xx_HAL_Driver/Src/stm32f4xx_hal_pwr_ex.o
LOAD ./Drivers/STM32F4xx_HAL_Driver/Src/stm32f4xx_hal_rcc.o
LOAD ./Drivers/STM32F4xx_HAL_Driver/Src/stm32f4xx_hal_rcc_ex.o
LOAD ./Drivers/STM32F4xx_HAL_Driver/Src/stm32f4xx_hal_spi.o
LOAD ./Drivers/STM32F4xx_HAL_Driver/Src/stm32f4xx_hal_sram.o
LOAD ./Drivers/STM32F4xx_HAL_Driver/Src/stm32f4xx_hal_tim.o
LOAD ./Drivers/STM32F4xx_HAL_Driver/Src/stm32f4xx_hal_tim_ex.o
LOAD ./Drivers/STM32F4xx_HAL_Driver/Src/stm32f4xx_ll_fsmc.o
START GROUP
LOAD c:/st/stm32cubeide_1.7.0/stm32cubeide/plugins/com.st.stm32cube.ide.mcu.externaltools.gnu-tools-for-stm32.9-2020-q2-update.win32_2.0.0.202105311346/tools/bin/../lib/gcc/arm-none-eabi/9.3.1/../../../../arm-none-eabi/lib/thumb/v7e-m+fp/hard\libc_nano.a
LOAD c:/st/stm32cubeide_1.7.0/stm32cubeide/plugins/com.st.stm32cube.ide.mcu.externaltools.gnu-tools-for-stm32.9-2020-q2-update.win32_2.0.0.202105311346/tools/bin/../lib/gcc/arm-none-eabi/9.3.1/../../../../arm-none-eabi/lib/thumb/v7e-m+fp/hard\libm.a
END GROUP
START GROUP
LOAD c:/st/stm32cubeide_1.7.0/stm32cubeide/plugins/com.st.stm32cube.ide.mcu.externaltools.gnu-tools-for-stm32.9-2020-q2-update.win32_2.0.0.202105311346/tools/bin/../lib/gcc/arm-none-eabi/9.3.1/thumb/v7e-m+fp/hard\libgcc.a
LOAD c:/st/stm32cubeide_1.7.0/stm32cubeide/plugins/com.st.stm32cube.ide.mcu.externaltools.gnu-tools-for-stm32.9-2020-q2-update.win32_2.0.0.202105311346/tools/bin/../lib/gcc/arm-none-eabi/9.3.1/../../../../arm-none-eabi/lib/thumb/v7e-m+fp/hard\libc_nano.a
END GROUP
START GROUP
LOAD c:/st/stm32cubeide_1.7.0/stm32cubeide/plugins/com.st.stm32cube.ide.mcu.externaltools.gnu-tools-for-stm32.9-2020-q2-update.win32_2.0.0.202105311346/tools/bin/../lib/gcc/arm-none-eabi/9.3.1/thumb/v7e-m+fp/hard\libgcc.a
LOAD c:/st/stm32cubeide_1.7.0/stm32cubeide/plugins/com.st.stm32cube.ide.mcu.externaltools.gnu-tools-for-stm32.9-2020-q2-update.win32_2.0.0.202105311346/tools/bin/../lib/gcc/arm-none-eabi/9.3.1/../../../../arm-none-eabi/lib/thumb/v7e-m+fp/hard\libc_nano.a
LOAD c:/st/stm32cubeide_1.7.0/stm32cubeide/plugins/com.st.stm32cube.ide.mcu.externaltools.gnu-tools-for-stm32.9-2020-q2-update.win32_2.0.0.202105311346/tools/bin/../lib/gcc/arm-none-eabi/9.3.1/../../../../arm-none-eabi/lib/thumb/v7e-m+fp/hard\libnosys.a
END GROUP
START GROUP
LOAD c:/st/stm32cubeide_1.7.0/stm32cubeide/plugins/com.st.stm32cube.ide.mcu.externaltools.gnu-tools-for-stm32.9-2020-q2-update.win32_2.0.0.202105311346/tools/bin/../lib/gcc/arm-none-eabi/9.3.1/thumb/v7e-m+fp/hard\libgcc.a
LOAD c:/st/stm32cubeide_1.7.0/stm32cubeide/plugins/com.st.stm32cube.ide.mcu.externaltools.gnu-tools-for-stm32.9-2020-q2-update.win32_2.0.0.202105311346/tools/bin/../lib/gcc/arm-none-eabi/9.3.1/../../../../arm-none-eabi/lib/thumb/v7e-m+fp/hard\libc_nano.a
LOAD c:/st/stm32cubeide_1.7.0/stm32cubeide/plugins/com.st.stm32cube.ide.mcu.externaltools.gnu-tools-for-stm32.9-2020-q2-update.win32_2.0.0.202105311346/tools/bin/../lib/gcc/arm-none-eabi/9.3.1/../../../../arm-none-eabi/lib/thumb/v7e-m+fp/hard\libnosys.a
END GROUP
LOAD c:/st/stm32cubeide_1.7.0/stm32cubeide/plugins/com.st.stm32cube.ide.mcu.externaltools.gnu-tools-for-stm32.9-2020-q2-update.win32_2.0.0.202105311346/tools/bin/../lib/gcc/arm-none-eabi/9.3.1/thumb/v7e-m+fp/hard/crtend.o
LOAD c:/st/stm32cubeide_1.7.0/stm32cubeide/plugins/com.st.stm32cube.ide.mcu.externaltools.gnu-tools-for-stm32.9-2020-q2-update.win32_2.0.0.202105311346/tools/bin/../lib/gcc/arm-none-eabi/9.3.1/thumb/v7e-m+fp/hard/crtn.o
                0x0000000020020000                _estack = (ORIGIN (RAM) + LENGTH (RAM))
                0x0000000000000200                _Min_Heap_Size = 0x200
                0x0000000000000400                _Min_Stack_Size = 0x400

.isr_vector     0x0000000008000000      0x188
                0x0000000008000000                . = ALIGN (0x4)
 *(.isr_vector)
 .isr_vector    0x0000000008000000      0x188 ./Core/Startup/startup_stm32f407zetx.o
                0x0000000008000000                g_pfnVectors
                0x0000000008000188                . = ALIGN (0x4)

.text           0x0000000008000188     0x448c
                0x0000000008000188                . = ALIGN (0x4)
 *(.text)
 .text          0x0000000008000188       0x40 c:/st/stm32cubeide_1.7.0/stm32cubeide/plugins/com.st.stm32cube.ide.mcu.externaltools.gnu-tools-for-stm32.9-2020-q2-update.win32_2.0.0.202105311346/tools/bin/../lib/gcc/arm-none-eabi/9.3.1/thumb/v7e-m+fp/hard/crtbegin.o
 .text          0x00000000080001c8       0x30 c:/st/stm32cubeide_1.7.0/stm32cubeide/plugins/com.st.stm32cube.ide.mcu.externaltools.gnu-tools-for-stm32.9-2020-q2-update.win32_2.0.0.202105311346/tools/bin/../lib/gcc/arm-none-eabi/9.3.1/thumb/v7e-m+fp/hard\libgcc.a(_aeabi_uldivmod.o)
                0x00000000080001c8                __aeabi_uldivmod
 .text          0x00000000080001f8      0x2c4 c:/st/stm32cubeide_1.7.0/stm32cubeide/plugins/com.st.stm32cube.ide.mcu.externaltools.gnu-tools-for-stm32.9-2020-q2-update.win32_2.0.0.202105311346/tools/bin/../lib/gcc/arm-none-eabi/9.3.1/thumb/v7e-m+fp/hard\libgcc.a(_udivmoddi4.o)
                0x00000000080001f8                __udivmoddi4
 .text          0x00000000080004bc        0x4 c:/st/stm32cubeide_1.7.0/stm32cubeide/plugins/com.st.stm32cube.ide.mcu.externaltools.gnu-tools-for-stm32.9-2020-q2-update.win32_2.0.0.202105311346/tools/bin/../lib/gcc/arm-none-eabi/9.3.1/thumb/v7e-m+fp/hard\libgcc.a(_dvmd_tls.o)
                0x00000000080004bc                __aeabi_idiv0
                0x00000000080004bc                __aeabi_ldiv0
 *(.text*)
 .text.button_init
                0x00000000080004c0       0x18 ./Core/Src/button.o
                0x00000000080004c0                button_init
 .text.button_Scan
                0x00000000080004d8       0xd8 ./Core/Src/button.o
                0x00000000080004d8                button_Scan
 .text.MX_FSMC_Init
                0x00000000080005b0       0xf4 ./Core/Src/fsmc.o
                0x00000000080005b0                MX_FSMC_Init
 .text.HAL_FSMC_MspInit
                0x00000000080006a4       0x98 ./Core/Src/fsmc.o
 .text.HAL_SRAM_MspInit
                0x000000000800073c       0x14 ./Core/Src/fsmc.o
                0x000000000800073c                HAL_SRAM_MspInit
 .text.MX_GPIO_Init
                0x0000000008000750      0x1f0 ./Core/Src/gpio.o
                0x0000000008000750                MX_GPIO_Init
 .text.LCD_WR_REG
                0x0000000008000940       0x20 ./Core/Src/lcd.o
                0x0000000008000940                LCD_WR_REG
 .text.LCD_WR_DATA
                0x0000000008000960       0x20 ./Core/Src/lcd.o
 .text.LCD_RD_DATA
                0x0000000008000980       0x24 ./Core/Src/lcd.o
 .text.lcd_AddressSet
                0x00000000080009a4       0x98 ./Core/Src/lcd.o
                0x00000000080009a4                lcd_AddressSet
 .text.lcd_Fill
                0x0000000008000a3c       0x6c ./Core/Src/lcd.o
                0x0000000008000a3c                lcd_Fill
 .text.lcd_DrawPoint
                0x0000000008000aa8       0x2e ./Core/Src/lcd.o
                0x0000000008000aa8                lcd_DrawPoint
 *fill*         0x0000000008000ad6        0x2 
 .text.lcd_ShowChar
                0x0000000008000ad8      0x1a0 ./Core/Src/lcd.o
                0x0000000008000ad8                lcd_ShowChar
 .text.mypow    0x0000000008000c78       0x38 ./Core/Src/lcd.o
                0x0000000008000c78                mypow
 .text.lcd_ShowIntNum
                0x0000000008000cb0       0xfc ./Core/Src/lcd.o
                0x0000000008000cb0                lcd_ShowIntNum
 .text.lcd_SetDir
                0x0000000008000dac       0x48 ./Core/Src/lcd.o
                0x0000000008000dac                lcd_SetDir
 .text.lcd_init
                0x0000000008000df4      0x2c0 ./Core/Src/lcd.o
                0x0000000008000df4                lcd_init
 .text._draw_circle_8
                0x00000000080010b4      0x116 ./Core/Src/lcd.o
 .text.lcd_DrawCircle
                0x00000000080011ca       0xd8 ./Core/Src/lcd.o
                0x00000000080011ca                lcd_DrawCircle
 *fill*         0x00000000080012a2        0x2 
 .text.led7_init
                0x00000000080012a4       0x18 ./Core/Src/led_7seg.o
                0x00000000080012a4                led7_init
 .text.led7_Scan
                0x00000000080012bc      0x118 ./Core/Src/led_7seg.o
                0x00000000080012bc                led7_Scan
 .text.main     0x00000000080013d4       0x58 ./Core/Src/main.o
                0x00000000080013d4                main
 .text.SystemClock_Config
                0x000000000800142c       0xd4 ./Core/Src/main.o
                0x000000000800142c                SystemClock_Config
 .text.system_init
                0x0000000008001500       0x48 ./Core/Src/main.o
                0x0000000008001500                system_init
 .text.displayCountDown
                0x0000000008001548       0x50 ./Core/Src/main.o
                0x0000000008001548                displayCountDown
 .text.displayTrafficLight
                0x0000000008001598      0x418 ./Core/Src/main.o
                0x0000000008001598                displayTrafficLight
 .text.reset_temp
                0x00000000080019b0       0x40 ./Core/Src/main.o
                0x00000000080019b0                reset_temp
 .text.test_button
                0x00000000080019f0      0x150 ./Core/Src/main.o
                0x00000000080019f0                test_button
 .text.test_lcd
                0x0000000008001b40       0x80 ./Core/Src/main.o
                0x0000000008001b40                test_lcd
 .text.Error_Handler
                0x0000000008001bc0        0xa ./Core/Src/main.o
                0x0000000008001bc0                Error_Handler
 *fill*         0x0000000008001bca        0x2 
 .text.timer_init
                0x0000000008001bcc       0x14 ./Core/Src/software_timer.o
                0x0000000008001bcc                timer_init
 .text.setTimer1
                0x0000000008001be0       0x38 ./Core/Src/software_timer.o
                0x0000000008001be0                setTimer1
 .text.setTimer2
                0x0000000008001c18       0x38 ./Core/Src/software_timer.o
                0x0000000008001c18                setTimer2
 .text.HAL_TIM_PeriodElapsedCallback
                0x0000000008001c50       0x8c ./Core/Src/software_timer.o
                0x0000000008001c50                HAL_TIM_PeriodElapsedCallback
 .text.MX_SPI1_Init
                0x0000000008001cdc       0x6c ./Core/Src/spi.o
                0x0000000008001cdc                MX_SPI1_Init
 .text.HAL_SPI_MspInit
                0x0000000008001d48       0x90 ./Core/Src/spi.o
                0x0000000008001d48                HAL_SPI_MspInit
 .text.HAL_MspInit
                0x0000000008001dd8       0x50 ./Core/Src/stm32f4xx_hal_msp.o
                0x0000000008001dd8                HAL_MspInit
 .text.NMI_Handler
                0x0000000008001e28        0x6 ./Core/Src/stm32f4xx_it.o
                0x0000000008001e28                NMI_Handler
 .text.HardFault_Handler
                0x0000000008001e2e        0x6 ./Core/Src/stm32f4xx_it.o
                0x0000000008001e2e                HardFault_Handler
 .text.MemManage_Handler
                0x0000000008001e34        0x6 ./Core/Src/stm32f4xx_it.o
                0x0000000008001e34                MemManage_Handler
 .text.BusFault_Handler
                0x0000000008001e3a        0x6 ./Core/Src/stm32f4xx_it.o
                0x0000000008001e3a                BusFault_Handler
 .text.UsageFault_Handler
                0x0000000008001e40        0x6 ./Core/Src/stm32f4xx_it.o
                0x0000000008001e40                UsageFault_Handler
 .text.SVC_Handler
                0x0000000008001e46        0xe ./Core/Src/stm32f4xx_it.o
                0x0000000008001e46                SVC_Handler
 .text.DebugMon_Handler
                0x0000000008001e54        0xe ./Core/Src/stm32f4xx_it.o
                0x0000000008001e54                DebugMon_Handler
 .text.PendSV_Handler
                0x0000000008001e62        0xe ./Core/Src/stm32f4xx_it.o
                0x0000000008001e62                PendSV_Handler
 .text.SysTick_Handler
                0x0000000008001e70        0xc ./Core/Src/stm32f4xx_it.o
                0x0000000008001e70                SysTick_Handler
 .text.TIM2_IRQHandler
                0x0000000008001e7c       0x14 ./Core/Src/stm32f4xx_it.o
                0x0000000008001e7c                TIM2_IRQHandler
 .text.SystemInit
                0x0000000008001e90       0x24 ./Core/Src/system_stm32f4xx.o
                0x0000000008001e90                SystemInit
 .text.MX_TIM2_Init
                0x0000000008001eb4       0x98 ./Core/Src/tim.o
                0x0000000008001eb4                MX_TIM2_Init
 .text.HAL_TIM_Base_MspInit
                0x0000000008001f4c       0x4c ./Core/Src/tim.o
                0x0000000008001f4c                HAL_TIM_Base_MspInit
 .text.Reset_Handler
                0x0000000008001f98       0x50 ./Core/Startup/startup_stm32f407zetx.o
                0x0000000008001f98                Reset_Handler
 .text.Default_Handler
                0x0000000008001fe8        0x2 ./Core/Startup/startup_stm32f407zetx.o
                0x0000000008001fe8                RTC_Alarm_IRQHandler
                0x0000000008001fe8                HASH_RNG_IRQHandler
                0x0000000008001fe8                EXTI2_IRQHandler
                0x0000000008001fe8                TIM8_CC_IRQHandler
                0x0000000008001fe8                TIM1_CC_IRQHandler
                0x0000000008001fe8                DMA2_Stream5_IRQHandler
                0x0000000008001fe8                DMA1_Stream5_IRQHandler
                0x0000000008001fe8                PVD_IRQHandler
                0x0000000008001fe8                SDIO_IRQHandler
                0x0000000008001fe8                TAMP_STAMP_IRQHandler
                0x0000000008001fe8                CAN2_RX1_IRQHandler
                0x0000000008001fe8                EXTI3_IRQHandler
                0x0000000008001fe8                TIM8_TRG_COM_TIM14_IRQHandler
                0x0000000008001fe8                TIM1_UP_TIM10_IRQHandler
                0x0000000008001fe8                TIM8_UP_TIM13_IRQHandler
                0x0000000008001fe8                I2C3_ER_IRQHandler
                0x0000000008001fe8                EXTI0_IRQHandler
                0x0000000008001fe8                I2C2_EV_IRQHandler
                0x0000000008001fe8                DMA1_Stream2_IRQHandler
                0x0000000008001fe8                CAN1_RX0_IRQHandler
                0x0000000008001fe8                FPU_IRQHandler
                0x0000000008001fe8                OTG_HS_WKUP_IRQHandler
                0x0000000008001fe8                CAN2_SCE_IRQHandler
                0x0000000008001fe8                DMA2_Stream2_IRQHandler
                0x0000000008001fe8                SPI1_IRQHandler
                0x0000000008001fe8                TIM6_DAC_IRQHandler
                0x0000000008001fe8                TIM1_BRK_TIM9_IRQHandler
                0x0000000008001fe8                DCMI_IRQHandler
                0x0000000008001fe8                CAN2_RX0_IRQHandler
                0x0000000008001fe8                DMA2_Stream3_IRQHandler
                0x0000000008001fe8                USART6_IRQHandler
                0x0000000008001fe8                USART3_IRQHandler
                0x0000000008001fe8                CAN1_RX1_IRQHandler
                0x0000000008001fe8                UART5_IRQHandler
                0x0000000008001fe8                DMA2_Stream0_IRQHandler
                0x0000000008001fe8                TIM4_IRQHandler
                0x0000000008001fe8                I2C1_EV_IRQHandler
                0x0000000008001fe8                DMA1_Stream6_IRQHandler
                0x0000000008001fe8                DMA1_Stream1_IRQHandler
                0x0000000008001fe8                UART4_IRQHandler
                0x0000000008001fe8                TIM3_IRQHandler
                0x0000000008001fe8                RCC_IRQHandler
                0x0000000008001fe8                TIM8_BRK_TIM12_IRQHandler
                0x0000000008001fe8                Default_Handler
                0x0000000008001fe8                EXTI15_10_IRQHandler
                0x0000000008001fe8                ADC_IRQHandler
                0x0000000008001fe8                DMA1_Stream7_IRQHandler
                0x0000000008001fe8                TIM7_IRQHandler
                0x0000000008001fe8                CAN2_TX_IRQHandler
                0x0000000008001fe8                TIM5_IRQHandler
                0x0000000008001fe8                DMA2_Stream7_IRQHandler
                0x0000000008001fe8                I2C3_EV_IRQHandler
                0x0000000008001fe8                EXTI9_5_IRQHandler
                0x0000000008001fe8                RTC_WKUP_IRQHandler
                0x0000000008001fe8                ETH_WKUP_IRQHandler
                0x0000000008001fe8                SPI2_IRQHandler
                0x0000000008001fe8                OTG_HS_EP1_IN_IRQHandler
                0x0000000008001fe8                DMA1_Stream0_IRQHandler
                0x0000000008001fe8                CAN1_TX_IRQHandler
                0x0000000008001fe8                EXTI4_IRQHandler
                0x0000000008001fe8                FSMC_IRQHandler
                0x0000000008001fe8                ETH_IRQHandler
                0x0000000008001fe8                OTG_HS_EP1_OUT_IRQHandler
                0x0000000008001fe8                WWDG_IRQHandler
                0x0000000008001fe8                OTG_FS_WKUP_IRQHandler
                0x0000000008001fe8                TIM1_TRG_COM_TIM11_IRQHandler
                0x0000000008001fe8                OTG_HS_IRQHandler
                0x0000000008001fe8                EXTI1_IRQHandler
                0x0000000008001fe8                USART2_IRQHandler
                0x0000000008001fe8                I2C2_ER_IRQHandler
                0x0000000008001fe8                DMA2_Stream1_IRQHandler
                0x0000000008001fe8                CAN1_SCE_IRQHandler
                0x0000000008001fe8                FLASH_IRQHandler
                0x0000000008001fe8                DMA2_Stream4_IRQHandler
                0x0000000008001fe8                USART1_IRQHandler
                0x0000000008001fe8                OTG_FS_IRQHandler
                0x0000000008001fe8                SPI3_IRQHandler
                0x0000000008001fe8                DMA1_Stream4_IRQHandler
                0x0000000008001fe8                I2C1_ER_IRQHandler
                0x0000000008001fe8                DMA2_Stream6_IRQHandler
                0x0000000008001fe8                DMA1_Stream3_IRQHandler
 *fill*         0x0000000008001fea        0x2 
 .text.HAL_Init
                0x0000000008001fec       0x44 ./Drivers/STM32F4xx_HAL_Driver/Src/stm32f4xx_hal.o
                0x0000000008001fec                HAL_Init
 .text.HAL_InitTick
                0x0000000008002030       0x60 ./Drivers/STM32F4xx_HAL_Driver/Src/stm32f4xx_hal.o
                0x0000000008002030                HAL_InitTick
 .text.HAL_IncTick
                0x0000000008002090       0x28 ./Drivers/STM32F4xx_HAL_Driver/Src/stm32f4xx_hal.o
                0x0000000008002090                HAL_IncTick
 .text.HAL_GetTick
                0x00000000080020b8       0x18 ./Drivers/STM32F4xx_HAL_Driver/Src/stm32f4xx_hal.o
                0x00000000080020b8                HAL_GetTick
 .text.HAL_Delay
                0x00000000080020d0       0x48 ./Drivers/STM32F4xx_HAL_Driver/Src/stm32f4xx_hal.o
                0x00000000080020d0                HAL_Delay
 .text.__NVIC_SetPriorityGrouping
                0x0000000008002118       0x48 ./Drivers/STM32F4xx_HAL_Driver/Src/stm32f4xx_hal_cortex.o
 .text.__NVIC_GetPriorityGrouping
                0x0000000008002160       0x1c ./Drivers/STM32F4xx_HAL_Driver/Src/stm32f4xx_hal_cortex.o
 .text.__NVIC_EnableIRQ
                0x000000000800217c       0x3c ./Drivers/STM32F4xx_HAL_Driver/Src/stm32f4xx_hal_cortex.o
 .text.__NVIC_SetPriority
                0x00000000080021b8       0x54 ./Drivers/STM32F4xx_HAL_Driver/Src/stm32f4xx_hal_cortex.o
 .text.NVIC_EncodePriority
                0x000000000800220c       0x66 ./Drivers/STM32F4xx_HAL_Driver/Src/stm32f4xx_hal_cortex.o
 *fill*         0x0000000008002272        0x2 
 .text.SysTick_Config
                0x0000000008002274       0x44 ./Drivers/STM32F4xx_HAL_Driver/Src/stm32f4xx_hal_cortex.o
 .text.HAL_NVIC_SetPriorityGrouping
                0x00000000080022b8       0x16 ./Drivers/STM32F4xx_HAL_Driver/Src/stm32f4xx_hal_cortex.o
                0x00000000080022b8                HAL_NVIC_SetPriorityGrouping
 .text.HAL_NVIC_SetPriority
                0x00000000080022ce       0x38 ./Drivers/STM32F4xx_HAL_Driver/Src/stm32f4xx_hal_cortex.o
                0x00000000080022ce                HAL_NVIC_SetPriority
 .text.HAL_NVIC_EnableIRQ
                0x0000000008002306       0x1c ./Drivers/STM32F4xx_HAL_Driver/Src/stm32f4xx_hal_cortex.o
                0x0000000008002306                HAL_NVIC_EnableIRQ
 .text.HAL_SYSTICK_Config
                0x0000000008002322       0x18 ./Drivers/STM32F4xx_HAL_Driver/Src/stm32f4xx_hal_cortex.o
                0x0000000008002322                HAL_SYSTICK_Config
 *fill*         0x000000000800233a        0x2 
 .text.HAL_GPIO_Init
                0x000000000800233c      0x338 ./Drivers/STM32F4xx_HAL_Driver/Src/stm32f4xx_hal_gpio.o
                0x000000000800233c                HAL_GPIO_Init
 .text.HAL_GPIO_WritePin
                0x0000000008002674       0x32 ./Drivers/STM32F4xx_HAL_Driver/Src/stm32f4xx_hal_gpio.o
                0x0000000008002674                HAL_GPIO_WritePin
 *fill*         0x00000000080026a6        0x2 
 .text.HAL_RCC_OscConfig
                0x00000000080026a8      0x4f0 ./Drivers/STM32F4xx_HAL_Driver/Src/stm32f4xx_hal_rcc.o
                0x00000000080026a8                HAL_RCC_OscConfig
 .text.HAL_RCC_ClockConfig
                0x0000000008002b98      0x1cc ./Drivers/STM32F4xx_HAL_Driver/Src/stm32f4xx_hal_rcc.o
                0x0000000008002b98                HAL_RCC_ClockConfig
 .text.HAL_RCC_GetSysClockFreq
                0x0000000008002d64      0x1c4 ./Drivers/STM32F4xx_HAL_Driver/Src/stm32f4xx_hal_rcc.o
                0x0000000008002d64                HAL_RCC_GetSysClockFreq
 .text.HAL_SPI_Init
                0x0000000008002f28      0x112 ./Drivers/STM32F4xx_HAL_Driver/Src/stm32f4xx_hal_spi.o
                0x0000000008002f28                HAL_SPI_Init
 .text.HAL_SPI_Transmit
                0x000000000800303a      0x278 ./Drivers/STM32F4xx_HAL_Driver/Src/stm32f4xx_hal_spi.o
                0x000000000800303a                HAL_SPI_Transmit
 .text.HAL_SPI_Receive
                0x00000000080032b2      0x222 ./Drivers/STM32F4xx_HAL_Driver/Src/stm32f4xx_hal_spi.o
                0x00000000080032b2                HAL_SPI_Receive
 .text.HAL_SPI_TransmitReceive
                0x00000000080034d4      0x344 ./Drivers/STM32F4xx_HAL_Driver/Src/stm32f4xx_hal_spi.o
                0x00000000080034d4                HAL_SPI_TransmitReceive
 .text.SPI_WaitFlagStateUntilTimeout
                0x0000000008003818      0x110 ./Drivers/STM32F4xx_HAL_Driver/Src/stm32f4xx_hal_spi.o
 .text.SPI_EndRxTransaction
                0x0000000008003928       0xca ./Drivers/STM32F4xx_HAL_Driver/Src/stm32f4xx_hal_spi.o
 *fill*         0x00000000080039f2        0x2 
 .text.SPI_EndRxTxTransaction
                0x00000000080039f4       0x84 ./Drivers/STM32F4xx_HAL_Driver/Src/stm32f4xx_hal_spi.o
 .text.HAL_SRAM_Init
                0x0000000008003a78       0x88 ./Drivers/STM32F4xx_HAL_Driver/Src/stm32f4xx_hal_sram.o
                0x0000000008003a78                HAL_SRAM_Init
 .text.HAL_TIM_Base_Init
                0x0000000008003b00       0x9e ./Drivers/STM32F4xx_HAL_Driver/Src/stm32f4xx_hal_tim.o
                0x0000000008003b00                HAL_TIM_Base_Init
 *fill*         0x0000000008003b9e        0x2 
 .text.HAL_TIM_Base_Start_IT
                0x0000000008003ba0       0xe0 ./Drivers/STM32F4xx_HAL_Driver/Src/stm32f4xx_hal_tim.o
                0x0000000008003ba0                HAL_TIM_Base_Start_IT
 .text.HAL_TIM_IRQHandler
                0x0000000008003c80      0x210 ./Drivers/STM32F4xx_HAL_Driver/Src/stm32f4xx_hal_tim.o
                0x0000000008003c80                HAL_TIM_IRQHandler
 .text.HAL_TIM_ConfigClockSource
                0x0000000008003e90      0x18e ./Drivers/STM32F4xx_HAL_Driver/Src/stm32f4xx_hal_tim.o
                0x0000000008003e90                HAL_TIM_ConfigClockSource
 .text.HAL_TIM_OC_DelayElapsedCallback
                0x000000000800401e       0x14 ./Drivers/STM32F4xx_HAL_Driver/Src/stm32f4xx_hal_tim.o
                0x000000000800401e                HAL_TIM_OC_DelayElapsedCallback
 .text.HAL_TIM_IC_CaptureCallback
                0x0000000008004032       0x14 ./Drivers/STM32F4xx_HAL_Driver/Src/stm32f4xx_hal_tim.o
                0x0000000008004032                HAL_TIM_IC_CaptureCallback
 .text.HAL_TIM_PWM_PulseFinishedCallback
                0x0000000008004046       0x14 ./Drivers/STM32F4xx_HAL_Driver/Src/stm32f4xx_hal_tim.o
                0x0000000008004046                HAL_TIM_PWM_PulseFinishedCallback
 .text.HAL_TIM_TriggerCallback
                0x000000000800405a       0x14 ./Drivers/STM32F4xx_HAL_Driver/Src/stm32f4xx_hal_tim.o
                0x000000000800405a                HAL_TIM_TriggerCallback
 *fill*         0x000000000800406e        0x2 
 .text.TIM_Base_SetConfig
                0x0000000008004070      0x140 ./Drivers/STM32F4xx_HAL_Driver/Src/stm32f4xx_hal_tim.o
                0x0000000008004070                TIM_Base_SetConfig
 .text.TIM_TI1_ConfigInputStage
                0x00000000080041b0       0x5e ./Drivers/STM32F4xx_HAL_Driver/Src/stm32f4xx_hal_tim.o
 .text.TIM_TI2_ConfigInputStage
                0x000000000800420e       0x60 ./Drivers/STM32F4xx_HAL_Driver/Src/stm32f4xx_hal_tim.o
 .text.TIM_ITRx_SetConfig
                0x000000000800426e       0x36 ./Drivers/STM32F4xx_HAL_Driver/Src/stm32f4xx_hal_tim.o
 .text.TIM_ETR_SetConfig
                0x00000000080042a4       0x40 ./Drivers/STM32F4xx_HAL_Driver/Src/stm32f4xx_hal_tim.o
                0x00000000080042a4                TIM_ETR_SetConfig
 .text.HAL_TIMEx_MasterConfigSynchronization
                0x00000000080042e4       0xf8 ./Drivers/STM32F4xx_HAL_Driver/Src/stm32f4xx_hal_tim_ex.o
                0x00000000080042e4                HAL_TIMEx_MasterConfigSynchronization
 .text.HAL_TIMEx_CommutCallback
                0x00000000080043dc       0x14 ./Drivers/STM32F4xx_HAL_Driver/Src/stm32f4xx_hal_tim_ex.o
                0x00000000080043dc                HAL_TIMEx_CommutCallback
 .text.HAL_TIMEx_BreakCallback
                0x00000000080043f0       0x14 ./Drivers/STM32F4xx_HAL_Driver/Src/stm32f4xx_hal_tim_ex.o
                0x00000000080043f0                HAL_TIMEx_BreakCallback
 .text.FSMC_NORSRAM_Init
                0x0000000008004404       0xa4 ./Drivers/STM32F4xx_HAL_Driver/Src/stm32f4xx_ll_fsmc.o
                0x0000000008004404                FSMC_NORSRAM_Init
 .text.FSMC_NORSRAM_Timing_Init
                0x00000000080044a8       0x7a ./Drivers/STM32F4xx_HAL_Driver/Src/stm32f4xx_ll_fsmc.o
                0x00000000080044a8                FSMC_NORSRAM_Timing_Init
 *fill*         0x0000000008004522        0x2 
 .text.FSMC_NORSRAM_Extended_Timing_Init
                0x0000000008004524       0x80 ./Drivers/STM32F4xx_HAL_Driver/Src/stm32f4xx_ll_fsmc.o
                0x0000000008004524                FSMC_NORSRAM_Extended_Timing_Init
 .text.__libc_init_array
                0x00000000080045a4       0x48 c:/st/stm32cubeide_1.7.0/stm32cubeide/plugins/com.st.stm32cube.ide.mcu.externaltools.gnu-tools-for-stm32.9-2020-q2-update.win32_2.0.0.202105311346/tools/bin/../lib/gcc/arm-none-eabi/9.3.1/../../../../arm-none-eabi/lib/thumb/v7e-m+fp/hard\libc_nano.a(lib_a-init.o)
                0x00000000080045a4                __libc_init_array
 .text.memset   0x00000000080045ec       0x10 c:/st/stm32cubeide_1.7.0/stm32cubeide/plugins/com.st.stm32cube.ide.mcu.externaltools.gnu-tools-for-stm32.9-2020-q2-update.win32_2.0.0.202105311346/tools/bin/../lib/gcc/arm-none-eabi/9.3.1/../../../../arm-none-eabi/lib/thumb/v7e-m+fp/hard\libc_nano.a(lib_a-memset.o)
                0x00000000080045ec                memset
 *(.glue_7)
 .glue_7        0x00000000080045fc        0x0 linker stubs
 *(.glue_7t)
 .glue_7t       0x00000000080045fc        0x0 linker stubs
 *(.eh_frame)
 .eh_frame      0x00000000080045fc        0x0 c:/st/stm32cubeide_1.7.0/stm32cubeide/plugins/com.st.stm32cube.ide.mcu.externaltools.gnu-tools-for-stm32.9-2020-q2-update.win32_2.0.0.202105311346/tools/bin/../lib/gcc/arm-none-eabi/9.3.1/thumb/v7e-m+fp/hard/crtbegin.o
 *(.init)
 .init          0x00000000080045fc        0x4 c:/st/stm32cubeide_1.7.0/stm32cubeide/plugins/com.st.stm32cube.ide.mcu.externaltools.gnu-tools-for-stm32.9-2020-q2-update.win32_2.0.0.202105311346/tools/bin/../lib/gcc/arm-none-eabi/9.3.1/thumb/v7e-m+fp/hard/crti.o
                0x00000000080045fc                _init
 .init          0x0000000008004600        0x8 c:/st/stm32cubeide_1.7.0/stm32cubeide/plugins/com.st.stm32cube.ide.mcu.externaltools.gnu-tools-for-stm32.9-2020-q2-update.win32_2.0.0.202105311346/tools/bin/../lib/gcc/arm-none-eabi/9.3.1/thumb/v7e-m+fp/hard/crtn.o
 *(.fini)
 .fini          0x0000000008004608        0x4 c:/st/stm32cubeide_1.7.0/stm32cubeide/plugins/com.st.stm32cube.ide.mcu.externaltools.gnu-tools-for-stm32.9-2020-q2-update.win32_2.0.0.202105311346/tools/bin/../lib/gcc/arm-none-eabi/9.3.1/thumb/v7e-m+fp/hard/crti.o
                0x0000000008004608                _fini
 .fini          0x000000000800460c        0x8 c:/st/stm32cubeide_1.7.0/stm32cubeide/plugins/com.st.stm32cube.ide.mcu.externaltools.gnu-tools-for-stm32.9-2020-q2-update.win32_2.0.0.202105311346/tools/bin/../lib/gcc/arm-none-eabi/9.3.1/thumb/v7e-m+fp/hard/crtn.o
                0x0000000008004614                . = ALIGN (0x4)
                0x0000000008004614                _etext = .

.vfp11_veneer   0x0000000008004614        0x0
 .vfp11_veneer  0x0000000008004614        0x0 linker stubs

.v4_bx          0x0000000008004614        0x0
 .v4_bx         0x0000000008004614        0x0 linker stubs

.iplt           0x0000000008004614        0x0
 .iplt          0x0000000008004614        0x0 c:/st/stm32cubeide_1.7.0/stm32cubeide/plugins/com.st.stm32cube.ide.mcu.externaltools.gnu-tools-for-stm32.9-2020-q2-update.win32_2.0.0.202105311346/tools/bin/../lib/gcc/arm-none-eabi/9.3.1/thumb/v7e-m+fp/hard/crtbegin.o

.rodata         0x0000000008004614     0x2f90
                0x0000000008004614                . = ALIGN (0x4)
 *(.rodata)
 *(.rodata*)
 .rodata.ascii_1608
                0x0000000008004614      0x5f0 ./Core/Src/lcd.o
                0x0000000008004614                ascii_1608
 .rodata.ascii_2412
                0x0000000008004c04     0x11d0 ./Core/Src/lcd.o
                0x0000000008004c04                ascii_2412
 .rodata.ascii_3216
                0x0000000008005dd4     0x17c0 ./Core/Src/lcd.o
                0x0000000008005dd4                ascii_3216
 .rodata.AHBPrescTable
                0x0000000008007594       0x10 ./Core/Src/system_stm32f4xx.o
                0x0000000008007594                AHBPrescTable
                0x00000000080075a4                . = ALIGN (0x4)

.ARM.extab      0x00000000080075a4        0x0
                0x00000000080075a4                . = ALIGN (0x4)
 *(.ARM.extab* .gnu.linkonce.armextab.*)
                0x00000000080075a4                . = ALIGN (0x4)

.ARM            0x00000000080075a4        0x8
                0x00000000080075a4                . = ALIGN (0x4)
                0x00000000080075a4                __exidx_start = .
 *(.ARM.exidx*)
 .ARM.exidx     0x00000000080075a4        0x8 c:/st/stm32cubeide_1.7.0/stm32cubeide/plugins/com.st.stm32cube.ide.mcu.externaltools.gnu-tools-for-stm32.9-2020-q2-update.win32_2.0.0.202105311346/tools/bin/../lib/gcc/arm-none-eabi/9.3.1/thumb/v7e-m+fp/hard\libgcc.a(_udivmoddi4.o)
                0x00000000080075ac                __exidx_end = .
                0x00000000080075ac                . = ALIGN (0x4)

.rel.dyn        0x00000000080075ac        0x0
 .rel.iplt      0x00000000080075ac        0x0 c:/st/stm32cubeide_1.7.0/stm32cubeide/plugins/com.st.stm32cube.ide.mcu.externaltools.gnu-tools-for-stm32.9-2020-q2-update.win32_2.0.0.202105311346/tools/bin/../lib/gcc/arm-none-eabi/9.3.1/thumb/v7e-m+fp/hard/crtbegin.o

.preinit_array  0x00000000080075ac        0x0
                0x00000000080075ac                . = ALIGN (0x4)
                0x00000000080075ac                PROVIDE (__preinit_array_start = .)
 *(.preinit_array*)
                0x00000000080075ac                PROVIDE (__preinit_array_end = .)
                0x00000000080075ac                . = ALIGN (0x4)

.init_array     0x00000000080075ac        0x4
                0x00000000080075ac                . = ALIGN (0x4)
                0x00000000080075ac                PROVIDE (__init_array_start = .)
 *(SORT_BY_NAME(.init_array.*))
 *(.init_array*)
 .init_array    0x00000000080075ac        0x4 c:/st/stm32cubeide_1.7.0/stm32cubeide/plugins/com.st.stm32cube.ide.mcu.externaltools.gnu-tools-for-stm32.9-2020-q2-update.win32_2.0.0.202105311346/tools/bin/../lib/gcc/arm-none-eabi/9.3.1/thumb/v7e-m+fp/hard/crtbegin.o
                0x00000000080075b0                PROVIDE (__init_array_end = .)
                0x00000000080075b0                . = ALIGN (0x4)

.fini_array     0x00000000080075b0        0x4
                0x00000000080075b0                . = ALIGN (0x4)
                [!provide]                        PROVIDE (__fini_array_start = .)
 *(SORT_BY_NAME(.fini_array.*))
 *(.fini_array*)
 .fini_array    0x00000000080075b0        0x4 c:/st/stm32cubeide_1.7.0/stm32cubeide/plugins/com.st.stm32cube.ide.mcu.externaltools.gnu-tools-for-stm32.9-2020-q2-update.win32_2.0.0.202105311346/tools/bin/../lib/gcc/arm-none-eabi/9.3.1/thumb/v7e-m+fp/hard/crtbegin.o
                [!provide]                        PROVIDE (__fini_array_end = .)
                0x00000000080075b4                . = ALIGN (0x4)
                0x00000000080075b4                _sidata = LOADADDR (.data)

.data           0x0000000020000000       0x20 load address 0x00000000080075b4
                0x0000000020000000                . = ALIGN (0x4)
                0x0000000020000000                _sdata = .
 *(.data)
 *(.data*)
 .data.led7seg  0x0000000020000000        0x4 ./Core/Src/led_7seg.o
                0x0000000020000000                led7seg
 .data.spi_buffer
                0x0000000020000004        0x2 ./Core/Src/led_7seg.o
                0x0000000020000004                spi_buffer
 *fill*         0x0000000020000006        0x2 
 .data.red_time
                0x0000000020000008        0x4 ./Core/Src/main.o
                0x0000000020000008                red_time
 .data.green_time
                0x000000002000000c        0x4 ./Core/Src/main.o
                0x000000002000000c                green_time
 .data.yellow_time
                0x0000000020000010        0x4 ./Core/Src/main.o
                0x0000000020000010                yellow_time
 .data.SystemCoreClock
                0x0000000020000014        0x4 ./Core/Src/system_stm32f4xx.o
                0x0000000020000014                SystemCoreClock
 .data.uwTickPrio
                0x0000000020000018        0x4 ./Drivers/STM32F4xx_HAL_Driver/Src/stm32f4xx_hal.o
                0x0000000020000018                uwTickPrio
 .data.uwTickFreq
                0x000000002000001c        0x1 ./Drivers/STM32F4xx_HAL_Driver/Src/stm32f4xx_hal.o
                0x000000002000001c                uwTickFreq
 *(.RamFunc)
 *(.RamFunc*)
                0x0000000020000020                . = ALIGN (0x4)
 *fill*         0x000000002000001d        0x3 
                0x0000000020000020                _edata = .
                0x00000000080075d4                _siccmram = LOADADDR (.ccmram)

.igot.plt       0x0000000020000020        0x0 load address 0x00000000080075d4
 .igot.plt      0x0000000020000020        0x0 c:/st/stm32cubeide_1.7.0/stm32cubeide/plugins/com.st.stm32cube.ide.mcu.externaltools.gnu-tools-for-stm32.9-2020-q2-update.win32_2.0.0.202105311346/tools/bin/../lib/gcc/arm-none-eabi/9.3.1/thumb/v7e-m+fp/hard/crtbegin.o

.ccmram         0x0000000010000000        0x0 load address 0x00000000080075d4
                0x0000000010000000                . = ALIGN (0x4)
                0x0000000010000000                _sccmram = .
 *(.ccmram)
 *(.ccmram*)
                0x0000000010000000                . = ALIGN (0x4)
                0x0000000010000000                _eccmram = .
                0x0000000010000000                . = ALIGN (0x4)

.bss            0x0000000020000020      0x1a0
                0x0000000020000020                _sbss = .
                0x0000000020000020                __bss_start__ = _sbss
 *(.bss)
 .bss           0x0000000020000020       0x1c c:/st/stm32cubeide_1.7.0/stm32cubeide/plugins/com.st.stm32cube.ide.mcu.externaltools.gnu-tools-for-stm32.9-2020-q2-update.win32_2.0.0.202105311346/tools/bin/../lib/gcc/arm-none-eabi/9.3.1/thumb/v7e-m+fp/hard/crtbegin.o
 *(.bss*)
 .bss.spi_button
                0x000000002000003c        0x2 ./Core/Src/button.o
                0x000000002000003c                spi_button
 *fill*         0x000000002000003e        0x2 
 .bss.FSMC_Initialized
                0x0000000020000040        0x4 ./Core/Src/fsmc.o
 .bss.led7_index
                0x0000000020000044        0x2 ./Core/Src/led_7seg.o
                0x0000000020000044                led7_index
 *fill*         0x0000000020000046        0x2 
 .bss.state     0x0000000020000048        0x4 ./Core/Src/main.o
                0x0000000020000048                state
 .bss.normalState
                0x000000002000004c        0x4 ./Core/Src/main.o
                0x000000002000004c                normalState
 .bss.on        0x0000000020000050        0x4 ./Core/Src/main.o
                0x0000000020000050                on
 .bss.flag_timer1
                0x0000000020000054        0x2 ./Core/Src/software_timer.o
                0x0000000020000054                flag_timer1
 .bss.timer1_counter
                0x0000000020000056        0x2 ./Core/Src/software_timer.o
                0x0000000020000056                timer1_counter
 .bss.timer1_MUL
                0x0000000020000058        0x2 ./Core/Src/software_timer.o
                0x0000000020000058                timer1_MUL
 .bss.flag_timer2
                0x000000002000005a        0x2 ./Core/Src/software_timer.o
                0x000000002000005a                flag_timer2
 .bss.timer2_counter
                0x000000002000005c        0x2 ./Core/Src/software_timer.o
                0x000000002000005c                timer2_counter
 .bss.timer2_MUL
                0x000000002000005e        0x2 ./Core/Src/software_timer.o
                0x000000002000005e                timer2_MUL
 *(COMMON)
 COMMON         0x0000000020000060       0x20 ./Core/Src/button.o
                0x0000000020000060                button_count
 COMMON         0x0000000020000080       0x50 ./Core/Src/fsmc.o
                0x0000000020000080                hsram1
 COMMON         0x00000000200000d0       0x3a ./Core/Src/lcd.o
                0x00000000200000d0                lcddev
                0x00000000200000d8                s
 *fill*         0x000000002000010a        0x2 
 COMMON         0x000000002000010c       0x10 ./Core/Src/main.o
                0x000000002000010c                temp_yellow
                0x0000000020000110                showTime
                0x0000000020000114                temp_red
                0x0000000020000118                temp_green
 COMMON         0x000000002000011c       0x58 ./Core/Src/spi.o
                0x000000002000011c                hspi1
 COMMON         0x0000000020000174       0x48 ./Core/Src/tim.o
                0x0000000020000174                htim2
 COMMON         0x00000000200001bc        0x4 ./Drivers/STM32F4xx_HAL_Driver/Src/stm32f4xx_hal.o
                0x00000000200001bc                uwTick
                0x00000000200001c0                . = ALIGN (0x4)
                0x00000000200001c0                _ebss = .
                0x00000000200001c0                __bss_end__ = _ebss

._user_heap_stack
                0x00000000200001c0      0x600
                0x00000000200001c0                . = ALIGN (0x8)
                [!provide]                        PROVIDE (end = .)
                0x00000000200001c0                PROVIDE (_end = .)
                0x00000000200003c0                . = (. + _Min_Heap_Size)
 *fill*         0x00000000200001c0      0x200 
                0x00000000200007c0                . = (. + _Min_Stack_Size)
 *fill*         0x00000000200003c0      0x400 
                0x00000000200007c0                . = ALIGN (0x8)

/DISCARD/
 libc.a(*)
 libm.a(*)
 libgcc.a(*)

.ARM.attributes
                0x0000000000000000       0x30
 *(.ARM.attributes)
 .ARM.attributes
                0x0000000000000000       0x1e c:/st/stm32cubeide_1.7.0/stm32cubeide/plugins/com.st.stm32cube.ide.mcu.externaltools.gnu-tools-for-stm32.9-2020-q2-update.win32_2.0.0.202105311346/tools/bin/../lib/gcc/arm-none-eabi/9.3.1/thumb/v7e-m+fp/hard/crti.o
 .ARM.attributes
                0x000000000000001e       0x34 c:/st/stm32cubeide_1.7.0/stm32cubeide/plugins/com.st.stm32cube.ide.mcu.externaltools.gnu-tools-for-stm32.9-2020-q2-update.win32_2.0.0.202105311346/tools/bin/../lib/gcc/arm-none-eabi/9.3.1/thumb/v7e-m+fp/hard/crtbegin.o
 .ARM.attributes
                0x0000000000000052       0x34 ./Core/Src/button.o
 .ARM.attributes
                0x0000000000000086       0x34 ./Core/Src/fsmc.o
 .ARM.attributes
                0x00000000000000ba       0x34 ./Core/Src/gpio.o
 .ARM.attributes
                0x00000000000000ee       0x34 ./Core/Src/lcd.o
 .ARM.attributes
                0x0000000000000122       0x34 ./Core/Src/led_7seg.o
 .ARM.attributes
                0x0000000000000156       0x34 ./Core/Src/main.o
 .ARM.attributes
                0x000000000000018a       0x34 ./Core/Src/software_timer.o
 .ARM.attributes
                0x00000000000001be       0x34 ./Core/Src/spi.o
 .ARM.attributes
                0x00000000000001f2       0x34 ./Core/Src/stm32f4xx_hal_msp.o
 .ARM.attributes
                0x0000000000000226       0x34 ./Core/Src/stm32f4xx_it.o
 .ARM.attributes
                0x000000000000025a       0x34 ./Core/Src/system_stm32f4xx.o
 .ARM.attributes
                0x000000000000028e       0x34 ./Core/Src/tim.o
 .ARM.attributes
                0x00000000000002c2       0x21 ./Core/Startup/startup_stm32f407zetx.o
 .ARM.attributes
                0x00000000000002e3       0x34 ./Drivers/STM32F4xx_HAL_Driver/Src/stm32f4xx_hal.o
 .ARM.attributes
                0x0000000000000317       0x34 ./Drivers/STM32F4xx_HAL_Driver/Src/stm32f4xx_hal_cortex.o
 .ARM.attributes
                0x000000000000034b       0x34 ./Drivers/STM32F4xx_HAL_Driver/Src/stm32f4xx_hal_gpio.o
 .ARM.attributes
                0x000000000000037f       0x34 ./Drivers/STM32F4xx_HAL_Driver/Src/stm32f4xx_hal_rcc.o
 .ARM.attributes
                0x00000000000003b3       0x34 ./Drivers/STM32F4xx_HAL_Driver/Src/stm32f4xx_hal_spi.o
 .ARM.attributes
                0x00000000000003e7       0x34 ./Drivers/STM32F4xx_HAL_Driver/Src/stm32f4xx_hal_sram.o
 .ARM.attributes
                0x000000000000041b       0x34 ./Drivers/STM32F4xx_HAL_Driver/Src/stm32f4xx_hal_tim.o
 .ARM.attributes
                0x000000000000044f       0x34 ./Drivers/STM32F4xx_HAL_Driver/Src/stm32f4xx_hal_tim_ex.o
 .ARM.attributes
                0x0000000000000483       0x34 ./Drivers/STM32F4xx_HAL_Driver/Src/stm32f4xx_ll_fsmc.o
 .ARM.attributes
                0x00000000000004b7       0x34 c:/st/stm32cubeide_1.7.0/stm32cubeide/plugins/com.st.stm32cube.ide.mcu.externaltools.gnu-tools-for-stm32.9-2020-q2-update.win32_2.0.0.202105311346/tools/bin/../lib/gcc/arm-none-eabi/9.3.1/../../../../arm-none-eabi/lib/thumb/v7e-m+fp/hard\libc_nano.a(lib_a-init.o)
 .ARM.attributes
                0x00000000000004eb       0x34 c:/st/stm32cubeide_1.7.0/stm32cubeide/plugins/com.st.stm32cube.ide.mcu.externaltools.gnu-tools-for-stm32.9-2020-q2-update.win32_2.0.0.202105311346/tools/bin/../lib/gcc/arm-none-eabi/9.3.1/../../../../arm-none-eabi/lib/thumb/v7e-m+fp/hard\libc_nano.a(lib_a-memset.o)
 .ARM.attributes
                0x000000000000051f       0x1e c:/st/stm32cubeide_1.7.0/stm32cubeide/plugins/com.st.stm32cube.ide.mcu.externaltools.gnu-tools-for-stm32.9-2020-q2-update.win32_2.0.0.202105311346/tools/bin/../lib/gcc/arm-none-eabi/9.3.1/thumb/v7e-m+fp/hard\libgcc.a(_aeabi_uldivmod.o)
 .ARM.attributes
                0x000000000000053d       0x34 c:/st/stm32cubeide_1.7.0/stm32cubeide/plugins/com.st.stm32cube.ide.mcu.externaltools.gnu-tools-for-stm32.9-2020-q2-update.win32_2.0.0.202105311346/tools/bin/../lib/gcc/arm-none-eabi/9.3.1/thumb/v7e-m+fp/hard\libgcc.a(_udivmoddi4.o)
 .ARM.attributes
                0x0000000000000571       0x1e c:/st/stm32cubeide_1.7.0/stm32cubeide/plugins/com.st.stm32cube.ide.mcu.externaltools.gnu-tools-for-stm32.9-2020-q2-update.win32_2.0.0.202105311346/tools/bin/../lib/gcc/arm-none-eabi/9.3.1/thumb/v7e-m+fp/hard\libgcc.a(_dvmd_tls.o)
 .ARM.attributes
                0x000000000000058f       0x1e c:/st/stm32cubeide_1.7.0/stm32cubeide/plugins/com.st.stm32cube.ide.mcu.externaltools.gnu-tools-for-stm32.9-2020-q2-update.win32_2.0.0.202105311346/tools/bin/../lib/gcc/arm-none-eabi/9.3.1/thumb/v7e-m+fp/hard/crtn.o
OUTPUT(Bai3_Lcd_button.elf elf32-littlearm)
LOAD linker stubs
LOAD c:/st/stm32cubeide_1.7.0/stm32cubeide/plugins/com.st.stm32cube.ide.mcu.externaltools.gnu-tools-for-stm32.9-2020-q2-update.win32_2.0.0.202105311346/tools/bin/../lib/gcc/arm-none-eabi/9.3.1/../../../../arm-none-eabi/lib/thumb/v7e-m+fp/hard\libc.a
LOAD c:/st/stm32cubeide_1.7.0/stm32cubeide/plugins/com.st.stm32cube.ide.mcu.externaltools.gnu-tools-for-stm32.9-2020-q2-update.win32_2.0.0.202105311346/tools/bin/../lib/gcc/arm-none-eabi/9.3.1/../../../../arm-none-eabi/lib/thumb/v7e-m+fp/hard\libm.a
LOAD c:/st/stm32cubeide_1.7.0/stm32cubeide/plugins/com.st.stm32cube.ide.mcu.externaltools.gnu-tools-for-stm32.9-2020-q2-update.win32_2.0.0.202105311346/tools/bin/../lib/gcc/arm-none-eabi/9.3.1/thumb/v7e-m+fp/hard\libgcc.a

.debug_info     0x0000000000000000    0x12249
 .debug_info    0x0000000000000000      0x7f4 ./Core/Src/button.o
 .debug_info    0x00000000000007f4      0xa96 ./Core/Src/fsmc.o
 .debug_info    0x000000000000128a      0x569 ./Core/Src/gpio.o
 .debug_info    0x00000000000017f3     0x1759 ./Core/Src/lcd.o
 .debug_info    0x0000000000002f4c      0x89c ./Core/Src/led_7seg.o
 .debug_info    0x00000000000037e8     0x1c3a ./Core/Src/main.o
 .debug_info    0x0000000000005422      0xb05 ./Core/Src/software_timer.o
 .debug_info    0x0000000000005f27      0xa5a ./Core/Src/spi.o
 .debug_info    0x0000000000006981      0x394 ./Core/Src/stm32f4xx_hal_msp.o
 .debug_info    0x0000000000006d15      0x801 ./Core/Src/stm32f4xx_it.o
 .debug_info    0x0000000000007516      0x5a4 ./Core/Src/system_stm32f4xx.o
 .debug_info    0x0000000000007aba      0xc88 ./Core/Src/tim.o
 .debug_info    0x0000000000008742       0x22 ./Core/Startup/startup_stm32f407zetx.o
 .debug_info    0x0000000000008764      0x9b2 ./Drivers/STM32F4xx_HAL_Driver/Src/stm32f4xx_hal.o
 .debug_info    0x0000000000009116      0xed7 ./Drivers/STM32F4xx_HAL_Driver/Src/stm32f4xx_hal_cortex.o
 .debug_info    0x0000000000009fed      0x83e ./Drivers/STM32F4xx_HAL_Driver/Src/stm32f4xx_hal_gpio.o
 .debug_info    0x000000000000a82b      0x996 ./Drivers/STM32F4xx_HAL_Driver/Src/stm32f4xx_hal_rcc.o
 .debug_info    0x000000000000b1c1     0x17c0 ./Drivers/STM32F4xx_HAL_Driver/Src/stm32f4xx_hal_spi.o
 .debug_info    0x000000000000c981      0xbab ./Drivers/STM32F4xx_HAL_Driver/Src/stm32f4xx_hal_sram.o
 .debug_info    0x000000000000d52c     0x2c22 ./Drivers/STM32F4xx_HAL_Driver/Src/stm32f4xx_hal_tim.o
 .debug_info    0x000000000001014e     0x15a2 ./Drivers/STM32F4xx_HAL_Driver/Src/stm32f4xx_hal_tim_ex.o
 .debug_info    0x00000000000116f0      0xb59 ./Drivers/STM32F4xx_HAL_Driver/Src/stm32f4xx_ll_fsmc.o

.debug_abbrev   0x0000000000000000     0x2b20
 .debug_abbrev  0x0000000000000000      0x1bf ./Core/Src/button.o
 .debug_abbrev  0x00000000000001bf      0x1e2 ./Core/Src/fsmc.o
 .debug_abbrev  0x00000000000003a1      0x14e ./Core/Src/gpio.o
 .debug_abbrev  0x00000000000004ef      0x3aa ./Core/Src/lcd.o
 .debug_abbrev  0x0000000000000899      0x1a9 ./Core/Src/led_7seg.o
 .debug_abbrev  0x0000000000000a42      0x345 ./Core/Src/main.o
 .debug_abbrev  0x0000000000000d87      0x1d6 ./Core/Src/software_timer.o
 .debug_abbrev  0x0000000000000f5d      0x1bb ./Core/Src/spi.o
 .debug_abbrev  0x0000000000001118      0x11d ./Core/Src/stm32f4xx_hal_msp.o
 .debug_abbrev  0x0000000000001235      0x176 ./Core/Src/stm32f4xx_it.o
 .debug_abbrev  0x00000000000013ab      0x145 ./Core/Src/system_stm32f4xx.o
 .debug_abbrev  0x00000000000014f0      0x1bb ./Core/Src/tim.o
 .debug_abbrev  0x00000000000016ab       0x12 ./Core/Startup/startup_stm32f407zetx.o
 .debug_abbrev  0x00000000000016bd      0x1ed ./Drivers/STM32F4xx_HAL_Driver/Src/stm32f4xx_hal.o
 .debug_abbrev  0x00000000000018aa      0x33c ./Drivers/STM32F4xx_HAL_Driver/Src/stm32f4xx_hal_cortex.o
 .debug_abbrev  0x0000000000001be6      0x1f1 ./Drivers/STM32F4xx_HAL_Driver/Src/stm32f4xx_hal_gpio.o
 .debug_abbrev  0x0000000000001dd7      0x275 ./Drivers/STM32F4xx_HAL_Driver/Src/stm32f4xx_hal_rcc.o
 .debug_abbrev  0x000000000000204c      0x26e ./Drivers/STM32F4xx_HAL_Driver/Src/stm32f4xx_hal_spi.o
 .debug_abbrev  0x00000000000022ba      0x1f4 ./Drivers/STM32F4xx_HAL_Driver/Src/stm32f4xx_hal_sram.o
 .debug_abbrev  0x00000000000024ae      0x25e ./Drivers/STM32F4xx_HAL_Driver/Src/stm32f4xx_hal_tim.o
 .debug_abbrev  0x000000000000270c      0x266 ./Drivers/STM32F4xx_HAL_Driver/Src/stm32f4xx_hal_tim_ex.o
 .debug_abbrev  0x0000000000002972      0x1ae ./Drivers/STM32F4xx_HAL_Driver/Src/stm32f4xx_ll_fsmc.o

.debug_aranges  0x0000000000000000      0xed0
 .debug_aranges
                0x0000000000000000       0x28 ./Core/Src/button.o
 .debug_aranges
                0x0000000000000028       0x40 ./Core/Src/fsmc.o
 .debug_aranges
                0x0000000000000068       0x20 ./Core/Src/gpio.o
 .debug_aranges
                0x0000000000000088       0xd8 ./Core/Src/lcd.o
 .debug_aranges
                0x0000000000000160       0x48 ./Core/Src/led_7seg.o
 .debug_aranges
                0x00000000000001a8       0x80 ./Core/Src/main.o
 .debug_aranges
                0x0000000000000228       0x38 ./Core/Src/software_timer.o
 .debug_aranges
                0x0000000000000260       0x30 ./Core/Src/spi.o
 .debug_aranges
                0x0000000000000290       0x20 ./Core/Src/stm32f4xx_hal_msp.o
 .debug_aranges
                0x00000000000002b0       0x68 ./Core/Src/stm32f4xx_it.o
 .debug_aranges
                0x0000000000000318       0x28 ./Core/Src/system_stm32f4xx.o
 .debug_aranges
                0x0000000000000340       0x30 ./Core/Src/tim.o
 .debug_aranges
                0x0000000000000370       0x28 ./Core/Startup/startup_stm32f407zetx.o
 .debug_aranges
                0x0000000000000398       0xf0 ./Drivers/STM32F4xx_HAL_Driver/Src/stm32f4xx_hal.o
 .debug_aranges
                0x0000000000000488      0x118 ./Drivers/STM32F4xx_HAL_Driver/Src/stm32f4xx_hal_cortex.o
 .debug_aranges
                0x00000000000005a0       0x58 ./Drivers/STM32F4xx_HAL_Driver/Src/stm32f4xx_hal_gpio.o
 .debug_aranges
                0x00000000000005f8       0x88 ./Drivers/STM32F4xx_HAL_Driver/Src/stm32f4xx_hal_rcc.o
 .debug_aranges
                0x0000000000000680      0x1d0 ./Drivers/STM32F4xx_HAL_Driver/Src/stm32f4xx_hal_spi.o
 .debug_aranges
                0x0000000000000850       0xa0 ./Drivers/STM32F4xx_HAL_Driver/Src/stm32f4xx_hal_sram.o
 .debug_aranges
                0x00000000000008f0      0x3d0 ./Drivers/STM32F4xx_HAL_Driver/Src/stm32f4xx_hal_tim.o
 .debug_aranges
                0x0000000000000cc0      0x168 ./Drivers/STM32F4xx_HAL_Driver/Src/stm32f4xx_hal_tim_ex.o
 .debug_aranges
                0x0000000000000e28       0xa8 ./Drivers/STM32F4xx_HAL_Driver/Src/stm32f4xx_ll_fsmc.o

.debug_ranges   0x0000000000000000      0xd78
 .debug_ranges  0x0000000000000000       0x18 ./Core/Src/button.o
 .debug_ranges  0x0000000000000018       0x30 ./Core/Src/fsmc.o
 .debug_ranges  0x0000000000000048       0x10 ./Core/Src/gpio.o
 .debug_ranges  0x0000000000000058       0xc8 ./Core/Src/lcd.o
 .debug_ranges  0x0000000000000120       0x38 ./Core/Src/led_7seg.o
 .debug_ranges  0x0000000000000158       0x70 ./Core/Src/main.o
 .debug_ranges  0x00000000000001c8       0x28 ./Core/Src/software_timer.o
 .debug_ranges  0x00000000000001f0       0x20 ./Core/Src/spi.o
 .debug_ranges  0x0000000000000210       0x10 ./Core/Src/stm32f4xx_hal_msp.o
 .debug_ranges  0x0000000000000220       0x58 ./Core/Src/stm32f4xx_it.o
 .debug_ranges  0x0000000000000278       0x18 ./Core/Src/system_stm32f4xx.o
 .debug_ranges  0x0000000000000290       0x20 ./Core/Src/tim.o
 .debug_ranges  0x00000000000002b0       0x20 ./Core/Startup/startup_stm32f407zetx.o
 .debug_ranges  0x00000000000002d0       0xe0 ./Drivers/STM32F4xx_HAL_Driver/Src/stm32f4xx_hal.o
 .debug_ranges  0x00000000000003b0      0x108 ./Drivers/STM32F4xx_HAL_Driver/Src/stm32f4xx_hal_cortex.o
 .debug_ranges  0x00000000000004b8       0x48 ./Drivers/STM32F4xx_HAL_Driver/Src/stm32f4xx_hal_gpio.o
 .debug_ranges  0x0000000000000500       0x78 ./Drivers/STM32F4xx_HAL_Driver/Src/stm32f4xx_hal_rcc.o
 .debug_ranges  0x0000000000000578      0x1c0 ./Drivers/STM32F4xx_HAL_Driver/Src/stm32f4xx_hal_spi.o
 .debug_ranges  0x0000000000000738       0x90 ./Drivers/STM32F4xx_HAL_Driver/Src/stm32f4xx_hal_sram.o
 .debug_ranges  0x00000000000007c8      0x3c0 ./Drivers/STM32F4xx_HAL_Driver/Src/stm32f4xx_hal_tim.o
 .debug_ranges  0x0000000000000b88      0x158 ./Drivers/STM32F4xx_HAL_Driver/Src/stm32f4xx_hal_tim_ex.o
 .debug_ranges  0x0000000000000ce0       0x98 ./Drivers/STM32F4xx_HAL_Driver/Src/stm32f4xx_ll_fsmc.o

.debug_macro    0x0000000000000000    0x224e4
 .debug_macro   0x0000000000000000      0x216 ./Core/Src/button.o
 .debug_macro   0x0000000000000216      0xaa8 ./Core/Src/button.o
 .debug_macro   0x0000000000000cbe      0x2a1 ./Core/Src/button.o
 .debug_macro   0x0000000000000f5f       0x2e ./Core/Src/button.o
 .debug_macro   0x0000000000000f8d       0x2f ./Core/Src/button.o
 .debug_macro   0x0000000000000fbc       0x22 ./Core/Src/button.o
 .debug_macro   0x0000000000000fde       0x8e ./Core/Src/button.o
 .debug_macro   0x000000000000106c       0x51 ./Core/Src/button.o
 .debug_macro   0x00000000000010bd      0x103 ./Core/Src/button.o
 .debug_macro   0x00000000000011c0       0x6a ./Core/Src/button.o
 .debug_macro   0x000000000000122a      0x1df ./Core/Src/button.o
 .debug_macro   0x0000000000001409       0x1c ./Core/Src/button.o
 .debug_macro   0x0000000000001425       0x22 ./Core/Src/button.o
 .debug_macro   0x0000000000001447       0xdf ./Core/Src/button.o
 .debug_macro   0x0000000000001526     0x102d ./Core/Src/button.o
 .debug_macro   0x0000000000002553      0x11f ./Core/Src/button.o
 .debug_macro   0x0000000000002672    0x15e58 ./Core/Src/button.o
 .debug_macro   0x00000000000184ca       0x6d ./Core/Src/button.o
 .debug_macro   0x0000000000018537     0x3666 ./Core/Src/button.o
 .debug_macro   0x000000000001bb9d      0x174 ./Core/Src/button.o
 .debug_macro   0x000000000001bd11       0x5c ./Core/Src/button.o
 .debug_macro   0x000000000001bd6d      0x96b ./Core/Src/button.o
 .debug_macro   0x000000000001c6d8      0x9fe ./Core/Src/button.o
 .debug_macro   0x000000000001d0d6      0x116 ./Core/Src/button.o
 .debug_macro   0x000000000001d1ec      0x13e ./Core/Src/button.o
 .debug_macro   0x000000000001d32a       0xa5 ./Core/Src/button.o
 .debug_macro   0x000000000001d3cf      0x174 ./Core/Src/button.o
 .debug_macro   0x000000000001d543      0x287 ./Core/Src/button.o
 .debug_macro   0x000000000001d7ca       0x5f ./Core/Src/button.o
 .debug_macro   0x000000000001d829      0x236 ./Core/Src/button.o
 .debug_macro   0x000000000001da5f      0x12c ./Core/Src/button.o
 .debug_macro   0x000000000001db8b      0x21e ./Core/Src/button.o
 .debug_macro   0x000000000001dda9       0x2e ./Core/Src/button.o
 .debug_macro   0x000000000001ddd7      0x543 ./Core/Src/button.o
 .debug_macro   0x000000000001e31a      0x11a ./Core/Src/button.o
 .debug_macro   0x000000000001e434       0x7e ./Core/Src/button.o
 .debug_macro   0x000000000001e4b2       0x89 ./Core/Src/button.o
 .debug_macro   0x000000000001e53b      0x225 ./Core/Src/button.o
 .debug_macro   0x000000000001e760      0x8d1 ./Core/Src/button.o
 .debug_macro   0x000000000001f031       0x47 ./Core/Src/button.o
 .debug_macro   0x000000000001f078      0x12d ./Core/Src/button.o
 .debug_macro   0x000000000001f1a5       0x88 ./Core/Src/button.o
 .debug_macro   0x000000000001f22d      0x202 ./Core/Src/fsmc.o
 .debug_macro   0x000000000001f42f      0x202 ./Core/Src/gpio.o
 .debug_macro   0x000000000001f631      0x317 ./Core/Src/lcd.o
 .debug_macro   0x000000000001f948       0x18 ./Core/Src/lcd.o
 .debug_macro   0x000000000001f960       0x52 ./Core/Src/lcd.o
 .debug_macro   0x000000000001f9b2       0x3c ./Core/Src/lcd.o
 .debug_macro   0x000000000001f9ee       0x34 ./Core/Src/lcd.o
 .debug_macro   0x000000000001fa22       0x16 ./Core/Src/lcd.o
 .debug_macro   0x000000000001fa38       0x35 ./Core/Src/lcd.o
 .debug_macro   0x000000000001fa6d       0x16 ./Core/Src/lcd.o
 .debug_macro   0x000000000001fa83       0x43 ./Core/Src/lcd.o
 .debug_macro   0x000000000001fac6       0x34 ./Core/Src/lcd.o
 .debug_macro   0x000000000001fafa       0x10 ./Core/Src/lcd.o
 .debug_macro   0x000000000001fb0a       0x58 ./Core/Src/lcd.o
 .debug_macro   0x000000000001fb62       0x71 ./Core/Src/lcd.o
 .debug_macro   0x000000000001fbd3       0x1c ./Core/Src/lcd.o
 .debug_macro   0x000000000001fbef      0x12a ./Core/Src/lcd.o
 .debug_macro   0x000000000001fd19      0x333 ./Core/Src/lcd.o
 .debug_macro   0x000000000002004c       0x16 ./Core/Src/lcd.o
 .debug_macro   0x0000000000020062       0x29 ./Core/Src/lcd.o
 .debug_macro   0x000000000002008b       0x16 ./Core/Src/lcd.o
 .debug_macro   0x00000000000200a1       0x20 ./Core/Src/lcd.o
 .debug_macro   0x00000000000200c1       0xca ./Core/Src/lcd.o
 .debug_macro   0x000000000002018b      0x20c ./Core/Src/led_7seg.o
 .debug_macro   0x0000000000020397      0x36b ./Core/Src/main.o
 .debug_macro   0x0000000000020702      0x230 ./Core/Src/software_timer.o
 .debug_macro   0x0000000000020932      0x202 ./Core/Src/spi.o
 .debug_macro   0x0000000000020b34      0x1f8 ./Core/Src/stm32f4xx_hal_msp.o
 .debug_macro   0x0000000000020d2c      0x202 ./Core/Src/stm32f4xx_it.o
 .debug_macro   0x0000000000020f2e      0x1e9 ./Core/Src/system_stm32f4xx.o
 .debug_macro   0x0000000000021117      0x202 ./Core/Src/tim.o
 .debug_macro   0x0000000000021319      0x249 ./Drivers/STM32F4xx_HAL_Driver/Src/stm32f4xx_hal.o
 .debug_macro   0x0000000000021562      0x1e9 ./Drivers/STM32F4xx_HAL_Driver/Src/stm32f4xx_hal_cortex.o
 .debug_macro   0x000000000002174b      0x1ef ./Drivers/STM32F4xx_HAL_Driver/Src/stm32f4xx_hal_gpio.o
 .debug_macro   0x000000000002193a      0x20d ./Drivers/STM32F4xx_HAL_Driver/Src/stm32f4xx_hal_rcc.o
 .debug_macro   0x0000000000021b47      0x1f8 ./Drivers/STM32F4xx_HAL_Driver/Src/stm32f4xx_hal_spi.o
 .debug_macro   0x0000000000021d3f      0x1e9 ./Drivers/STM32F4xx_HAL_Driver/Src/stm32f4xx_hal_sram.o
 .debug_macro   0x0000000000021f28      0x1ea ./Drivers/STM32F4xx_HAL_Driver/Src/stm32f4xx_hal_tim.o
 .debug_macro   0x0000000000022112      0x1e9 ./Drivers/STM32F4xx_HAL_Driver/Src/stm32f4xx_hal_tim_ex.o
 .debug_macro   0x00000000000222fb      0x1e9 ./Drivers/STM32F4xx_HAL_Driver/Src/stm32f4xx_ll_fsmc.o

.debug_line     0x0000000000000000    0x11b0a
 .debug_line    0x0000000000000000      0x780 ./Core/Src/button.o
 .debug_line    0x0000000000000780      0x7f5 ./Core/Src/fsmc.o
 .debug_line    0x0000000000000f75      0x753 ./Core/Src/gpio.o
 .debug_line    0x00000000000016c8      0xf80 ./Core/Src/lcd.o
 .debug_line    0x0000000000002648      0x7f0 ./Core/Src/led_7seg.o
 .debug_line    0x0000000000002e38      0xc77 ./Core/Src/main.o
 .debug_line    0x0000000000003aaf      0x7a4 ./Core/Src/software_timer.o
 .debug_line    0x0000000000004253      0x766 ./Core/Src/spi.o
 .debug_line    0x00000000000049b9      0x6f5 ./Core/Src/stm32f4xx_hal_msp.o
 .debug_line    0x00000000000050ae      0x7cf ./Core/Src/stm32f4xx_it.o
 .debug_line    0x000000000000587d      0x776 ./Core/Src/system_stm32f4xx.o
 .debug_line    0x0000000000005ff3      0x762 ./Core/Src/tim.o
 .debug_line    0x0000000000006755       0x88 ./Core/Startup/startup_stm32f407zetx.o
 .debug_line    0x00000000000067dd      0x9dc ./Drivers/STM32F4xx_HAL_Driver/Src/stm32f4xx_hal.o
 .debug_line    0x00000000000071b9      0xc8b ./Drivers/STM32F4xx_HAL_Driver/Src/stm32f4xx_hal_cortex.o
 .debug_line    0x0000000000007e44      0xb52 ./Drivers/STM32F4xx_HAL_Driver/Src/stm32f4xx_hal_gpio.o
 .debug_line    0x0000000000008996      0xd58 ./Drivers/STM32F4xx_HAL_Driver/Src/stm32f4xx_hal_rcc.o
 .debug_line    0x00000000000096ee     0x1c64 ./Drivers/STM32F4xx_HAL_Driver/Src/stm32f4xx_hal_spi.o
 .debug_line    0x000000000000b352      0xb7e ./Drivers/STM32F4xx_HAL_Driver/Src/stm32f4xx_hal_sram.o
 .debug_line    0x000000000000bed0     0x36d0 ./Drivers/STM32F4xx_HAL_Driver/Src/stm32f4xx_hal_tim.o
 .debug_line    0x000000000000f5a0     0x19d9 ./Drivers/STM32F4xx_HAL_Driver/Src/stm32f4xx_hal_tim_ex.o
 .debug_line    0x0000000000010f79      0xb91 ./Drivers/STM32F4xx_HAL_Driver/Src/stm32f4xx_ll_fsmc.o

.debug_str      0x0000000000000000    0xcd12a
 .debug_str     0x0000000000000000    0xc5f97 ./Core/Src/button.o
                                      0xc62a2 (size before relaxing)
 .debug_str     0x00000000000c5f97      0x3e1 ./Core/Src/fsmc.o
                                      0xc649f (size before relaxing)
 .debug_str     0x00000000000c6378       0x3c ./Core/Src/gpio.o
                                      0xc5f7d (size before relaxing)
 .debug_str     0x00000000000c63b4     0x3715 ./Core/Src/lcd.o
                                      0xc95d1 (size before relaxing)
 .debug_str     0x00000000000c9ac9       0x98 ./Core/Src/led_7seg.o
                                      0xc62de (size before relaxing)
 .debug_str     0x00000000000c9b61      0x55f ./Core/Src/main.o
                                      0xc9fd9 (size before relaxing)
 .debug_str     0x00000000000ca0c0       0xbc ./Core/Src/software_timer.o
                                      0xc6597 (size before relaxing)
 .debug_str     0x00000000000ca17c       0x4b ./Core/Src/spi.o
                                      0xc63da (size before relaxing)
 .debug_str     0x00000000000ca1c7       0x2c ./Core/Src/stm32f4xx_hal_msp.o
                                      0xc5ee0 (size before relaxing)
 .debug_str     0x00000000000ca1f3       0xcd ./Core/Src/stm32f4xx_it.o
                                      0xc63a5 (size before relaxing)
 .debug_str     0x00000000000ca2c0       0xaf ./Core/Src/system_stm32f4xx.o
                                      0xc5d30 (size before relaxing)
 .debug_str     0x00000000000ca36f      0x5c8 ./Core/Src/tim.o
                                      0xc69fd (size before relaxing)
 .debug_str     0x00000000000ca937       0x36 ./Core/Startup/startup_stm32f407zetx.o
                                         0xb1 (size before relaxing)
 .debug_str     0x00000000000ca96d      0x583 ./Drivers/STM32F4xx_HAL_Driver/Src/stm32f4xx_hal.o
                                      0xc6812 (size before relaxing)
 .debug_str     0x00000000000caef0      0x399 ./Drivers/STM32F4xx_HAL_Driver/Src/stm32f4xx_hal_cortex.o
                                      0xc6601 (size before relaxing)
 .debug_str     0x00000000000cb289      0x15a ./Drivers/STM32F4xx_HAL_Driver/Src/stm32f4xx_hal_gpio.o
                                      0xc5ed7 (size before relaxing)
 .debug_str     0x00000000000cb3e3      0x259 ./Drivers/STM32F4xx_HAL_Driver/Src/stm32f4xx_hal_rcc.o
                                      0xc6132 (size before relaxing)
 .debug_str     0x00000000000cb63c      0x57f ./Drivers/STM32F4xx_HAL_Driver/Src/stm32f4xx_hal_spi.o
                                      0xc65d4 (size before relaxing)
 .debug_str     0x00000000000cbbbb      0x1b4 ./Drivers/STM32F4xx_HAL_Driver/Src/stm32f4xx_hal_sram.o
                                      0xc624a (size before relaxing)
 .debug_str     0x00000000000cbd6f      0xdc8 ./Drivers/STM32F4xx_HAL_Driver/Src/stm32f4xx_hal_tim.o
                                      0xc705f (size before relaxing)
 .debug_str     0x00000000000ccb37      0x4ee ./Drivers/STM32F4xx_HAL_Driver/Src/stm32f4xx_hal_tim_ex.o
                                      0xc6810 (size before relaxing)
 .debug_str     0x00000000000cd025      0x105 ./Drivers/STM32F4xx_HAL_Driver/Src/stm32f4xx_ll_fsmc.o
                                      0xc6111 (size before relaxing)

.comment        0x0000000000000000       0x53
 .comment       0x0000000000000000       0x53 ./Core/Src/button.o
                                         0x54 (size before relaxing)
 .comment       0x0000000000000053       0x54 ./Core/Src/fsmc.o
 .comment       0x0000000000000053       0x54 ./Core/Src/gpio.o
 .comment       0x0000000000000053       0x54 ./Core/Src/lcd.o
 .comment       0x0000000000000053       0x54 ./Core/Src/led_7seg.o
 .comment       0x0000000000000053       0x54 ./Core/Src/main.o
 .comment       0x0000000000000053       0x54 ./Core/Src/software_timer.o
 .comment       0x0000000000000053       0x54 ./Core/Src/spi.o
 .comment       0x0000000000000053       0x54 ./Core/Src/stm32f4xx_hal_msp.o
 .comment       0x0000000000000053       0x54 ./Core/Src/stm32f4xx_it.o
 .comment       0x0000000000000053       0x54 ./Core/Src/system_stm32f4xx.o
 .comment       0x0000000000000053       0x54 ./Core/Src/tim.o
 .comment       0x0000000000000053       0x54 ./Drivers/STM32F4xx_HAL_Driver/Src/stm32f4xx_hal.o
 .comment       0x0000000000000053       0x54 ./Drivers/STM32F4xx_HAL_Driver/Src/stm32f4xx_hal_cortex.o
 .comment       0x0000000000000053       0x54 ./Drivers/STM32F4xx_HAL_Driver/Src/stm32f4xx_hal_gpio.o
 .comment       0x0000000000000053       0x54 ./Drivers/STM32F4xx_HAL_Driver/Src/stm32f4xx_hal_rcc.o
 .comment       0x0000000000000053       0x54 ./Drivers/STM32F4xx_HAL_Driver/Src/stm32f4xx_hal_spi.o
 .comment       0x0000000000000053       0x54 ./Drivers/STM32F4xx_HAL_Driver/Src/stm32f4xx_hal_sram.o
 .comment       0x0000000000000053       0x54 ./Drivers/STM32F4xx_HAL_Driver/Src/stm32f4xx_hal_tim.o
 .comment       0x0000000000000053       0x54 ./Drivers/STM32F4xx_HAL_Driver/Src/stm32f4xx_hal_tim_ex.o
 .comment       0x0000000000000053       0x54 ./Drivers/STM32F4xx_HAL_Driver/Src/stm32f4xx_ll_fsmc.o

.debug_frame    0x0000000000000000     0x3c30
 .debug_frame   0x0000000000000000       0x50 ./Core/Src/button.o
 .debug_frame   0x0000000000000050       0xbc ./Core/Src/fsmc.o
 .debug_frame   0x000000000000010c       0x34 ./Core/Src/gpio.o
 .debug_frame   0x0000000000000140      0x394 ./Core/Src/lcd.o
 .debug_frame   0x00000000000004d4       0xe8 ./Core/Src/led_7seg.o
 .debug_frame   0x00000000000005bc      0x1a4 ./Core/Src/main.o
 .debug_frame   0x0000000000000760       0xa0 ./Core/Src/software_timer.o
 .debug_frame   0x0000000000000800       0x74 ./Core/Src/spi.o
 .debug_frame   0x0000000000000874       0x38 ./Core/Src/stm32f4xx_hal_msp.o
 .debug_frame   0x00000000000008ac      0x120 ./Core/Src/stm32f4xx_it.o
 .debug_frame   0x00000000000009cc       0x58 ./Core/Src/system_stm32f4xx.o
 .debug_frame   0x0000000000000a24       0x7c ./Core/Src/tim.o
 .debug_frame   0x0000000000000aa0      0x374 ./Drivers/STM32F4xx_HAL_Driver/Src/stm32f4xx_hal.o
 .debug_frame   0x0000000000000e14      0x498 ./Drivers/STM32F4xx_HAL_Driver/Src/stm32f4xx_hal_cortex.o
 .debug_frame   0x00000000000012ac      0x14c ./Drivers/STM32F4xx_HAL_Driver/Src/stm32f4xx_hal_gpio.o
 .debug_frame   0x00000000000013f8      0x1f0 ./Drivers/STM32F4xx_HAL_Driver/Src/stm32f4xx_hal_rcc.o
 .debug_frame   0x00000000000015e8      0x824 ./Drivers/STM32F4xx_HAL_Driver/Src/stm32f4xx_hal_spi.o
 .debug_frame   0x0000000000001e0c      0x2a0 ./Drivers/STM32F4xx_HAL_Driver/Src/stm32f4xx_hal_sram.o
 .debug_frame   0x00000000000020ac     0x11c4 ./Drivers/STM32F4xx_HAL_Driver/Src/stm32f4xx_hal_tim.o
 .debug_frame   0x0000000000003270      0x638 ./Drivers/STM32F4xx_HAL_Driver/Src/stm32f4xx_hal_tim_ex.o
 .debug_frame   0x00000000000038a8      0x2dc ./Drivers/STM32F4xx_HAL_Driver/Src/stm32f4xx_ll_fsmc.o
 .debug_frame   0x0000000000003b84       0x2c c:/st/stm32cubeide_1.7.0/stm32cubeide/plugins/com.st.stm32cube.ide.mcu.externaltools.gnu-tools-for-stm32.9-2020-q2-update.win32_2.0.0.202105311346/tools/bin/../lib/gcc/arm-none-eabi/9.3.1/../../../../arm-none-eabi/lib/thumb/v7e-m+fp/hard\libc_nano.a(lib_a-init.o)
 .debug_frame   0x0000000000003bb0       0x20 c:/st/stm32cubeide_1.7.0/stm32cubeide/plugins/com.st.stm32cube.ide.mcu.externaltools.gnu-tools-for-stm32.9-2020-q2-update.win32_2.0.0.202105311346/tools/bin/../lib/gcc/arm-none-eabi/9.3.1/../../../../arm-none-eabi/lib/thumb/v7e-m+fp/hard\libc_nano.a(lib_a-memset.o)
 .debug_frame   0x0000000000003bd0       0x2c c:/st/stm32cubeide_1.7.0/stm32cubeide/plugins/com.st.stm32cube.ide.mcu.externaltools.gnu-tools-for-stm32.9-2020-q2-update.win32_2.0.0.202105311346/tools/bin/../lib/gcc/arm-none-eabi/9.3.1/thumb/v7e-m+fp/hard\libgcc.a(_aeabi_uldivmod.o)
 .debug_frame   0x0000000000003bfc       0x34 c:/st/stm32cubeide_1.7.0/stm32cubeide/plugins/com.st.stm32cube.ide.mcu.externaltools.gnu-tools-for-stm32.9-2020-q2-update.win32_2.0.0.202105311346/tools/bin/../lib/gcc/arm-none-eabi/9.3.1/thumb/v7e-m+fp/hard\libgcc.a(_udivmoddi4.o)
